[localghost.dev/index.html]
[backblue.gif]
[fade.gif]
[index.html]
[localghost.dev/img/og-image.png]
[localghost.dev/feed.xml]
[localghost.dev/recipes.xml]
[localghost.dev/books.xml]
[localghost.dev/musics.xml]
[localghost.dev/articles.xml]
[localghost.dev/games.xml]
[localghost.dev/podcasts.xml]
[localghost.dev/linkss.xml]
[localghost.dev/js/main.20140048.js]
[localghost.dev/css/style.373e0a0d.css]
[gc.zgo.at/count.js]
[localghost.dev/img/garden-icon.png]
[localghost.dev/img/city-icon.png]
[localghost.dev/img/sunset-icon.png]
[localghost.dev/img/minimalist-icon.png]
[localghost.dev/img/2003-icon.png]
[localghost.dev/img/vaporwave-icon.png]
[localghost.dev/img/netscape-logo.png]
[localghost.dev/about/index.html]
[localghost.dev/blog/index.html]
[localghost.dev/talks/index.html]
[localghost.dev/links/index.html]
[localghost.dev/etc/index.html]
[localghost.dev/img/made-with-11ty.gif]
[localghost.dev/projects/index.html]
[localghost.dev/blog/good-links-2024-12-08/index.html]
[localghost.dev/index.html]
[localghost.dev/linkss.html]
[localghost.dev/blog/some-things-i-ve-been-enjoying-recently-november-2024-edition/index.html]
[localghost.dev/blog/the-art-in-everyday-life/index.html]
[localghost.dev/rss/index.html]
[localghost.dev/img/city-icon-hover.png]
[localghost.dev/img/sunset-icon-hover.png]
[localghost.dev/img/2003-icon-hover.png]
[localghost.dev/img/garden-icon-hover.png]
[localghost.dev/img/vaporwave-bg.webp]
[localghost.dev/img/geocities/1999-bg.webp]
[localghost.dev/fonts/Bayshore.woff2]
[localghost.dev/fonts/Figtree.var.woff2]
[localghost.dev/fonts/Figtree-italic.var.woff2]
[localghost.dev/fonts/VCROSDMono.woff2]
[localghost.dev/fonts/W95-sans.woff]
[localghost.dev/fonts/Bleeding_Cowboys.woff2]
[localghost.dev/fonts/Impact_Label.woff2]
[localghost.dev/fonts/PixelSerif.woff2]
[localghost.dev/icons/triangle-bullet.svg]
[localghost.dev/img/sunset.png]
[localghost.dev/icons/cd-bullet.png]
[localghost.dev/img/cursor-w95.png]
[localghost.dev/img/pointer-w95.png]
[localghost.dev/img/geocities/redball.gif]
[localghost.dev/img/geocities/1999-cursor.webp]
[localghost.dev/img/geocities/static/flashingballbullet.png]
[localghost.dev/img/geocities/flashingballbullet.gif]
[localghost.dev/img/geocities/colorbar.gif]
[localghost.dev/img/geocities/static/colorbar.png]
[localghost.dev/img/geocities/static/previous.png]
[localghost.dev/img/geocities/static/next.png]
[localghost.dev/img/geocities/previous.gif]
[localghost.dev/img/geocities/next.gif]
[localghost.dev/img/sophie-badquality.png]
[localghost.dev/img/geocities/rainbow-divider-balls.gif]
[localghost.dev/img/geocities/static/rainbow-divider-balls.png]
[localghost.dev/img/geocities/guestbook.gif]
[localghost.dev/img/geocities/static/guestbook.png]
[localghost.dev/img/geocities/fax.gif]
[localghost.dev/img/geocities/static/fax.png]
[localghost.dev/img/geocities/subscribe.gif]
[localghost.dev/img/geocities/static/subscribe.png]
[localghost.dev/img/geocities/email.gif]
[localghost.dev/img/geocities/static/email.png]
[localghost.dev/img/heart-bullet.svg]
[localghost.dev/img/grunge-header.png]
[localghost.dev/img/garden-theme/grass-tile.png]
[localghost.dev/img/garden-theme/leaf-bullet.png]
[localghost.dev/img/garden-theme/sky.png]
[localghost.dev/img/garden-theme/robin.png]
[localghost.dev/img/garden-theme/tree-border.png]
[localghost.dev/img/garden-theme/flower-border.png]
[localghost.dev/img/garden-theme/grass-top-border.png]
[localghost.dev/img/garden-theme/soil-tile.png]
[localghost.dev/img/garden-theme/fossil.png]
[localghost.dev/img/garden-theme/grass-soil-border.png]
[localghost.dev/css/style.373e0a0d.css]
[localghost.dev/img/sophie-transparent.png]
[localghost.dev/keyboards/index.html]
[localghost.dev/about/index.html]
[localghost.dev/games/index.html]
[localghost.dev/blog/index.html]
[localghost.dev/blog/good-links-2024-09-22/index.html]
[localghost.dev/tags/index.html]
[localghost.dev/blog/page/1/index.html]
[localghost.dev/blog/you-should-go-to-conferences/index.html]
[localghost.dev/img/ffconf-2.jpg]
[localghost.dev/talks/index.html]
[localghost.dev/links/index.html]
[localghost.dev/img/etc/emojinator.png]
[localghost.dev/img/etc/virtual-piano.png]
[localghost.dev/img/etc/tastingmenu.png]
[localghost.dev/img/etc/anythingipsum.png]
[localghost.dev/uses/index.html]
[localghost.dev/img/keyboards/ikki68-2.webp]
[localghost.dev/etc/index.html]
[localghost.dev/projects/index.html]
[localghost.dev/og-images/good-links-8-december-2024.png]
[localghost.dev/blog/good-links-2024-12-08/index.html]
[localghost.dev/og-images/some-things-i-ve-been-enjoying-recently-november-2024-edition.png]
[localghost.dev/tags/links/index.html]
[localghost.dev/img/blog/things-ive-been-enjoying/heavens-vault-1.jpg]
[localghost.dev/tags/personal/index.html]
[localghost.dev/img/blog/things-ive-been-enjoying/heavens-vault-2.jpg]
[localghost.dev/tags/books/index.html]
[localghost.dev/tags/recommendations/index.html]
[localghost.dev/img/blog/things-ive-been-enjoying/office-1.png]
[localghost.dev/tags/tv/index.html]
[localghost.dev/tags/food/index.html]
[localghost.dev/tags/games/index.html]
[localghost.dev/img/blog/things-ive-been-enjoying/office-4.png]
[localghost.dev/img/blog/things-ive-been-enjoying/banner.jpg]
[localghost.dev/tags/craft/index.html]
[localghost.dev/img/blog/things-ive-been-enjoying/advent-calendar.png]
[localghost.dev/img/blog/things-ive-been-enjoying/misty-jimmy-paulette.jpg]
[localghost.dev/img/blog/things-ive-been-enjoying/planter-winter.jpg]
[localghost.dev/blog/some-things-i-ve-been-enjoying-recently-november-2024-edition/index.html]
[localghost.dev/og-images/the-art-in-everyday-life.png]
[localghost.dev/img/blog/creativity24/hidde-bt24.png]
[localghost.dev/tags/conferences/index.html]
[localghost.dev/img/blog/creativity24/cardamom.jpg]
[localghost.dev/tags/art/index.html]
[localghost.dev/img/blog/creativity24/honey-tart.jpg]
[localghost.dev/img/blog/creativity24/verbena.jpg]
[localghost.dev/img/blog/creativity24/geranium.jpg]
[localghost.dev/blog/the-art-in-everyday-life/index.html]
[localghost.dev/links.xml]
[localghost.dev/rss/index.html]
[localghost.dev/icons/triangle-bullet.svg]
[localghost.dev/img/heart-bullet.svg]
[localghost.dev/music.xml]
[localghost.dev/img/keyboards/tofu65-2.webp]
[localghost.dev/img/keyboards/dreamscape.png]
[localghost.dev/img/blog/mkc75/mkc75.jpg]
[localghost.dev/img/keyboards/voice-mini.jpg]
[localghost.dev/img/keyboards/bdn9.jpg]
[localghost.dev/keyboards/index.html]
[localghost.dev/games/index.html]
[localghost.dev/tags/index.html]
[localghost.dev/tags/advice/index.html]
[localghost.dev/tags/accessibility/index.html]
[localghost.dev/tags/burnout/index.html]
[localghost.dev/tags/career/index.html]
[localghost.dev/og-images/good-links-22-september-2024.png]
[localghost.dev/blog/good-links-2024-09-22/index.html]
[localghost.dev/tags/choir/index.html]
[localghost.dev/tags/communication/index.html]
[localghost.dev/tags/conference/index.html]
[localghost.dev/tags/css/index.html]
[localghost.dev/og-images/you-should-go-to-conferences.png]
[localghost.dev/tags/eleventy/index.html]
[localghost.dev/tags/design/index.html]
[localghost.dev/tags/engineering/index.html]
[localghost.dev/tags/fun/index.html]
[localghost.dev/blog/you-should-go-to-conferences/index.html]
[localghost.dev/tags/how-to/index.html]
[localghost.dev/tags/internet/index.html]
[localghost.dev/blog/page/1/index.html]
[localghost.dev/tags/html/index.html]
[localghost.dev/tags/interviews/index.html]
[localghost.dev/tags/jest/index.html]
[localghost.dev/tags/keyboards/index.html]
[localghost.dev/tags/learning/index.html]
[localghost.dev/tags/lifestyle/index.html]
[localghost.dev/img/tech-setup/vscode.png]
[localghost.dev/tags/mastodon/index.html]
[localghost.dev/tags/mental-health/index.html]
[localghost.dev/tags/music/index.html]
[localghost.dev/tags/neocities/index.html]
[localghost.dev/img/tech-setup/rode-nt1.png]
[localghost.dev/uses/index.html]
[localghost.dev/tags/new-things/index.html]
[localghost.dev/tags/node/index.html]
[localghost.dev/tags/nostalgia/index.html]
[localghost.dev/tags/links/index.html]
[localghost.dev/tags/podcast/index.html]
[localghost.dev/tags/personal/index.html]
[localghost.dev/tags/projects/index.html]
[localghost.dev/tags/recipe/index.html]
[localghost.dev/tags/recommendations/index.html]
[localghost.dev/tags/roundup/index.html]
[localghost.dev/tags/rss/index.html]
[localghost.dev/tags/books/index.html]
[localghost.dev/tags/security/index.html]
[localghost.dev/tags/site/index.html]
[localghost.dev/tags/tv/index.html]
[localghost.dev/tags/talks/index.html]
[localghost.dev/tags/teams/index.html]
[localghost.dev/tags/food/index.html]
[localghost.dev/tags/testing/index.html]
[localghost.dev/tags/twitter/index.html]
[localghost.dev/tags/games/index.html]
[localghost.dev/tags/typescript/index.html]
[localghost.dev/tags/webmentions/index.html]
[localghost.dev/tags/craft/index.html]
[localghost.dev/tags/work/index.html]
[localghost.dev/blog/new-garden-theme/index.html]
[localghost.dev/blog/beyond-tellerrand-beyond-amazing/index.html]
[localghost.dev/tags/conferences/index.html]
[localghost.dev/blog/good-links-2024-09-15/index.html]
[localghost.dev/tags/art/index.html]
[localghost.dev/blog/good-links-2024-08-18/index.html]
[localghost.dev/blog/different-ways-to-mock-third-party-integrations-in-jest/index.html]
[localghost.dev/tags/accessibility/index.html]
[localghost.dev/blog/liveness-probe/index.html]
[localghost.dev/blog/page/2/index.html]
[localghost.dev/tags/advice/index.html]
[localghost.dev/blog/good-links-2024-05-12/index.html]
[localghost.dev/blog/good-links-2024-04-28/index.html]
[localghost.dev/tags/burnout/index.html]
[localghost.dev/blog/good-links-2024-04-14/index.html]
[localghost.dev/blog/good-links-2024-03-31/index.html]
[localghost.dev/tags/career/index.html]
[localghost.dev/blog/good-links-2024-03-10/index.html]
[localghost.dev/blog/good-links-2024-03-17/index.html]
[localghost.dev/tags/choir/index.html]
[localghost.dev/blog/good-links-2024-03-03/index.html]
[localghost.dev/blog/good-links-2024-02-25/index.html]
[localghost.dev/tags/communication/index.html]
[localghost.dev/blog/good-links-2024-02-18/index.html]
[localghost.dev/blog/good-links-2024-01-28/index.html]
[localghost.dev/blog/good-links-2024-02-04/index.html]
[localghost.dev/tags/conference/index.html]
[localghost.dev/blog/good-links-2024-01-21/index.html]
[localghost.dev/tags/css/index.html]
[localghost.dev/blog/some-things-i-ve-been-enjoying-recently/index.html]
[localghost.dev/blog/beautiful-musical-chaos/index.html]
[localghost.dev/tags/design/index.html]
[localghost.dev/blog/2023-the-year-in-lists/index.html]
[localghost.dev/blog/painting-the-whole-beetle-an-adventure-in-learning-to-learn/index.html]
[localghost.dev/tags/eleventy/index.html]
[localghost.dev/blog/2022-the-year-in-lists/index.html]
[localghost.dev/tags/engineering/index.html]
[localghost.dev/blog/building-a-website-like-it-s-1999-in-2022/index.html]
[localghost.dev/blog/preparing-for-conferences/index.html]
[localghost.dev/blog/all-day-hey-2024-and-some-stuff-i-bought-in-leeds/index.html]
[localghost.dev/tags/fun/index.html]
[localghost.dev/blog/ffconf-2019-future-friends-beside-the-seaside/index.html]
[localghost.dev/tags/how-to/index.html]
[localghost.dev/blog/things-experienced-speakers-wish-they-d-known/index.html]
[localghost.dev/blog/just-because-you-can-doesn-t-mean-you-should-the-meter-element/index.html]
[localghost.dev/tags/html/index.html]
[localghost.dev/blog/ai-and-the-trouble-with-inaccessible-saas/index.html]
[localghost.dev/blog/the-right-tag-for-the-job-why-you-should-use-semantic-html/index.html]
[localghost.dev/blog/7-myths-designers-and-developers-believe-about-web-accessibility/index.html]
[localghost.dev/blog/start-at-the-beginning-the-importance-of-learning-the-basics/index.html]
[localghost.dev/blog/questions-to-ask-at-an-engineering-interview/index.html]
[localghost.dev/img/blog/phpcurrently.png]
[localghost.dev/tags/internet/index.html]
[localghost.dev/blog/give-yourself-a-break-lessons-from-burnout/index.html]
[localghost.dev/tags/interviews/index.html]
[localghost.dev/blog/engineering-progression-for-humans/index.html]
[localghost.dev/blog/why-software-engineers-should-know-their-audience/index.html]
[localghost.dev/blog/burnout-a-cautionary-tale-and-a-plea-to-take-a-break/index.html]
[localghost.dev/tags/jest/index.html]
[localghost.dev/blog/automated-weekly-links-posts-with-raindrop-io-and-eleventy/index.html]
[localghost.dev/tags/keyboards/index.html]
[localghost.dev/blog/how-i-deploy-my-eleventy-site-to-neocities/index.html]
[localghost.dev/blog/upcoming-talk-all-day-hey-leeds-2nd-may-2024/index.html]
[localghost.dev/blog/building-post-types-and-category-rss-feeds-in-eleventy/index.html]
[localghost.dev/tags/learning/index.html]
[localghost.dev/blog/everything-i-googled-in-a-week-as-a-senior-software-engineer/index.html]
[localghost.dev/blog/everything-i-googled-in-a-week-as-a-professional-software-engineer/index.html]
[localghost.dev/blog/everything-should-have-an-api-adventures-in-trying-to-automate-stuff/index.html]
[localghost.dev/tags/lifestyle/index.html]
[localghost.dev/blog/i-miss-twitter/index.html]
[localghost.dev/tags/mastodon/index.html]
[localghost.dev/blog/new-keyboard-alert-mykeyclub-mkc75/index.html]
[localghost.dev/blog/so-you-ve-decided-to-get-into-mechanical-keyboards/index.html]
[localghost.dev/tags/mental-health/index.html]
[localghost.dev/tags/music/index.html]
[localghost.dev/blog/a-typical-day-pandemic-edition/index.html]
[localghost.dev/tags/neocities/index.html]
[localghost.dev/tags/new-things/index.html]
[localghost.dev/tags/node/index.html]
[localghost.dev/tags/nostalgia/index.html]
[localghost.dev/tags/podcast/index.html]
[localghost.dev/blog/twitter-reply-guys-were-bad-but-mastodon-is-no-better/index.html]
[localghost.dev/tags/projects/index.html]
[localghost.dev/blog/when-going-back-doesn-t-mean-going-backwards/index.html]
[localghost.dev/blog/listen-to-this-the-stand-in-by-caitlin-rose/index.html]
[localghost.dev/tags/recipe/index.html]
[localghost.dev/blog/a-good-podcast-twenty-thousand-hertz/index.html]
[localghost.dev/tags/roundup/index.html]
[localghost.dev/blog/a-good-podcast-if-books-could-kill/index.html]
[localghost.dev/tags/rss/index.html]
[localghost.dev/blog/a-good-recipe-ways-with-rhubarb/index.html]
[localghost.dev/tags/security/index.html]
[localghost.dev/blog/a-good-recipe-the-best-chocolate-brownies/index.html]
[localghost.dev/tags/site/index.html]
[localghost.dev/tags/talks/index.html]
[localghost.dev/tags/teams/index.html]
[localghost.dev/tags/testing/index.html]
[localghost.dev/tags/twitter/index.html]
[localghost.dev/tags/typescript/index.html]
[localghost.dev/tags/webmentions/index.html]
[localghost.dev/blog/a-good-recipe-smitten-kitchen-s-apple-pie-cookies/index.html]
[localghost.dev/tags/work/index.html]
[localghost.dev/blog/introducing-separate-category-rss-feeds/index.html]
[localghost.dev/blog/defending-yourself-against-cross-site-scripting-attacks-with-content-security-policy/index.html]
[localghost.dev/blog/sending-webmentions-from-a-static-site/index.html]
[localghost.dev/og-images/beyond-tellerrand-beyond-amazing.png]
[localghost.dev/img/blog/beyond-tellerrand-2023/btconf-me-stage.jpg]
[localghost.dev/img/blog/beyond-tellerrand-2023/bt-poster.jpg]
[localghost.dev/img/blog/beyond-tellerrand-2023/bt-poster.webm]
[localghost.dev/img/blog/beyond-tellerrand-2023/bt-poster.mp4]
[localghost.dev/img/blog/beyond-tellerrand-2023/gemma-obrien.jpg]
[localghost.dev/img/blog/beyond-tellerrand-2023/thomas-thwaites.jpg]
[localghost.dev/img/blog/beyond-tellerrand-2023/emily.jpg]
[localghost.dev/img/blog/beyond-tellerrand-2023/tobias.jpg]
[localghost.dev/img/blog/beyond-tellerrand-2023/cassie.jpg]
[localghost.dev/img/blog/beyond-tellerrand-2023/coffee.jpg]
[localghost.dev/blog/beyond-tellerrand-beyond-amazing/index.html]
[localghost.dev/og-images/new-garden-theme.png]
[localghost.dev/blog/new-garden-theme/index.html]
[localghost.dev/og-images/good-links-15-september-2024.png]
[localghost.dev/blog/good-links-2024-09-15/index.html]
[localghost.dev/og-images/good-links-18-august-2024.png]
[localghost.dev/blog/good-links-2024-08-18/index.html]
[localghost.dev/og-images/liveness-probe.png]
[localghost.dev/blog/liveness-probe/index.html]
[localghost.dev/og-images/different-ways-to-mock-third-party-integrations-in-jest.png]
[localghost.dev/blog/different-ways-to-mock-third-party-integrations-in-jest/index.html]
[localghost.dev/blog/page/2/index.html]
[localghost.dev/og-images/good-links-12-may-2024.png]
[localghost.dev/blog/good-links-2024-05-12/index.html]
[localghost.dev/blog/page/3/index.html]
[localghost.dev/og-images/good-links-28-april-2024.png]
[localghost.dev/blog/good-links-2024-04-28/index.html]
[localghost.dev/og-images/good-links-14-april-2024.png]
[localghost.dev/blog/good-links-2024-04-14/index.html]
[localghost.dev/og-images/good-links-31-march-2024.png]
[localghost.dev/blog/good-links-2024-03-31/index.html]
[localghost.dev/og-images/good-links-17-march-2024.png]
[localghost.dev/blog/good-links-2024-03-17/index.html]
[localghost.dev/og-images/good-links-10-march-2024.png]
[localghost.dev/blog/good-links-2024-03-10/index.html]
[localghost.dev/og-images/good-links-3-march-2024.png]
[localghost.dev/blog/good-links-2024-03-03/index.html]
[localghost.dev/og-images/good-links-25-february-2024.png]
[localghost.dev/blog/good-links-2024-02-25/index.html]
[localghost.dev/og-images/good-links-18-february-2024.png]
[localghost.dev/blog/good-links-2024-02-18/index.html]
[localghost.dev/og-images/good-links-4-february-2024.png]
[localghost.dev/blog/good-links-2024-02-04/index.html]
[localghost.dev/og-images/good-links-28-january-2024.png]
[localghost.dev/blog/good-links-2024-01-28/index.html]
[localghost.dev/og-images/good-links-21-january-2024.png]
[localghost.dev/blog/good-links-2024-01-21/index.html]
[localghost.dev/og-images/some-things-i-ve-been-enjoying-recently.png]
[localghost.dev/img/blog/things-ive-been-enjoying/girl-moss.jpg]
[localghost.dev/img/blog/things-ive-been-enjoying/anne-bean.jpg]
[localghost.dev/img/blog/things-ive-been-enjoying/thatcher.jpg]
[localghost.dev/img/blog/fallow-starter.jpeg]
[localghost.dev/img/blog/fallow-dessert.JPG]
[localghost.dev/blog/some-things-i-ve-been-enjoying-recently/index.html]
[localghost.dev/og-images/2023-the-year-in-lists.png]
[localghost.dev/img/blog/2023-recap/geiranger.jpg]
[localghost.dev/img/blog/2023-recap/slimbridge.jpg]
[localghost.dev/img/blog/2023-recap/slimbridge2.jpg]
[media.social.lol/media_attachments/files/111/577/710/363/832/647/original/b840d6fce0948625.jpg]
[localghost.dev/blog/2023-the-year-in-lists/index.html]
[localghost.dev/og-images/beautiful-musical-chaos.png]
[localghost.dev/img/blog/choir/daylightmusic.jpg]
[localghost.dev/img/blog/choir/teaching.jpg]
[localghost.dev/img/blog/choir/wow.jpg]
[localghost.dev/img/blog/choir/wedding.jpg]
[localghost.dev/blog/beautiful-musical-chaos/index.html]
[localghost.dev/og-images/painting-the-whole-beetle-an-adventure-in-learning-to-learn.png]
[localghost.dev/img/blog/beetle/beetle.jpg]
[localghost.dev/img/blog/beetle/makeup-2012.jpg]
[localghost.dev/img/blog/beetle/apple.jpg]
[localghost.dev/blog/painting-the-whole-beetle-an-adventure-in-learning-to-learn/index.html]
[localghost.dev/og-images/2022-the-year-in-lists.png]
[localghost.dev/img/blog/2022-recap/skogafoss.webp]
[localghost.dev/img/blog/2022-recap/skogafoss.jpg]
[localghost.dev/img/blog/2022-recap/sunset.jpg]
[localghost.dev/img/blog/2022-recap/murmurations.jpeg]
[localghost.dev/blog/2022-the-year-in-lists/index.html]
[localghost.dev/og-images/all-day-hey-2024-and-some-stuff-i-bought-in-leeds.png]
[localghost.dev/img/blog/leeds-haul.jpg]
[localghost.dev/blog/all-day-hey-2024-and-some-stuff-i-bought-in-leeds/index.html]
[localghost.dev/og-images/preparing-for-conferences.png]
[localghost.dev/img/blog/circle-of-talks.png]
[localghost.dev/blog/preparing-for-conferences/index.html]
[localghost.dev/og-images/building-a-website-like-it-s-1999-in-2022.png]
[localghost.dev/css/build-like-1999.css]
[localghost.dev/img/blog/build-1999/geocities1.png]
[localghost.dev/img/blog/build-1999/geocities2.png]
[localghost.dev/img/blog/build-1999/geocities3.png]
[localghost.dev/img/blog/build-1999/hypnospace.png]
[localghost.dev/img/blog/build-1999/site.png]
[localghost.dev/img/blog/build-1999/cameronsworld.png]
[localghost.dev/img/geocities/static/flames.png]
[localghost.dev/img/geocities/static/consbar.png]
[localghost.dev/img/blog/build-1999/wordart-99.jpg]
[localghost.dev/img/blog/build-1999/wordart-purple.png]
[localghost.dev/img/blog/build-1999/wordart-rainbow.png]
[cpwebassets.codepen.io/assets/embed/ei.js]
[localghost.dev/extras/soundtrack.webm]
[localghost.dev/img/blog/build-1999/star-cursor.webm]
[localghost.dev/img/blog/build-1999/webring.png]
[localghost.dev/img/blog/build-1999/guestbook.png]
[localghost.dev/blog/building-a-website-like-it-s-1999-in-2022/index.html]
[localghost.dev/og-images/ffconf-2019-future-friends-beside-the-seaside.png]
[live.staticflickr.com/65535/49054723761_90697f5ae7_w.jpg]
[live.staticflickr.com/65535/49054939337_0d28f8a8c9_w.jpg]
[live.staticflickr.com/65535/49054724506_16d5135ec3_w.jpg]
[localghost.dev/img/blog/ffconf/sharonsteed-1.jpg]
[live.staticflickr.com/65535/49054726391_72d4de9b7c_w.jpg]
[localghost.dev/img/blog/ffconf/aminaadewusi-1.jpg]
[live.staticflickr.com/65535/49054211838_fb160b70ec_w.jpg]
[localghost.dev/img/blog/ffconf/alicebartlett-git.jpg]
[live.staticflickr.com/65535/49054212948_48bb29c813_w.jpg]
[localghost.dev/img/blog/ffconf/laurakalbag-1.jpg]
[live.staticflickr.com/65535/49054730331_c8ba40ded7_w.jpg]
[live.staticflickr.com/65535/49054944937_d87fd371d8_w.jpg]
[localghost.dev/img/blog/ffconf/annamigas-1.jpg]
[live.staticflickr.com/65535/49054950652_645f381878_w.jpg]
[localghost.dev/img/blog/ffconf/charlottedann-1.jpg]
[live.staticflickr.com/65535/49054951142_95abc9eb9e_w.jpg]
[localghost.dev/img/blog/ffconf/suzhinton-1.jpg]
[localghost.dev/blog/ffconf-2019-future-friends-beside-the-seaside/index.html]
[localghost.dev/og-images/things-experienced-speakers-wish-they-d-known.png]
[pbs.twimg.com/profile_images/1474717155983773700/sXRdF5e3_normal.jpg]
[pbs.twimg.com/profile_images/754886061872979968/BzaOWhs1_normal.jpg]
[pbs.twimg.com/profile_images/1504834746907607046/byLeFAmk_normal.jpg]
[pbs.twimg.com/profile_images/920814970522259457/RjXTRlt3_normal.jpg]
[pbs.twimg.com/profile_images/1469049047981772803/wOmnrmf__normal.jpg]
[pbs.twimg.com/profile_images/1281071936605323266/wc1KRZLK_normal.jpg]
[pbs.twimg.com/profile_images/960605708202004481/MMNCgNgM_normal.jpg]
[pbs.twimg.com/profile_images/1407810876875419657/1PZPCpvD_normal.jpg]
[pbs.twimg.com/profile_images/1520675351/me_normal.png]
[pbs.twimg.com/profile_images/378800000808710206/2dbdaa1cb7b0db02f997aea5b40f29b8_normal.jpg]
[pbs.twimg.com/profile_images/982382127089041408/dPUE3zMX_normal.jpg]
[pbs.twimg.com/profile_images/783726102996922368/4OTYaJ-o_normal.jpg]
[localghost.dev/blog/things-experienced-speakers-wish-they-d-known/index.html]
[localghost.dev/og-images/just-because-you-can-doesn-t-mean-you-should-the-meter-element.png]
[localghost.dev/img/blog/meter.png]
[localghost.dev/img/blog/google-drive-meter.png]
[localghost.dev/blog/just-because-you-can-doesn-t-mean-you-should-the-meter-element/index.html]
[localghost.dev/og-images/ai-and-the-trouble-with-inaccessible-saas.png]
[localghost.dev/blog/ai-and-the-trouble-with-inaccessible-saas/index.html]
[localghost.dev/og-images/the-right-tag-for-the-job-why-you-should-use-semantic-html.png]
[localghost.dev/blog/the-right-tag-for-the-job-why-you-should-use-semantic-html/index.html]
[localghost.dev/2020/10/7-myths-designers-and-developers-believe-about-web-accessibility/index.html]
[localghost.dev/og-images/7-myths-designers-and-developers-believe-about-web-accessibility.png]
[localghost.dev/img/blog/accessibility-myths/spiderman-point.jpg]
[localghost.dev/img/blog/accessibility-myths/accessible-web-page.png]
[localghost.dev/img/blog/accessibility-myths/lighthouse-badges.png]
[localghost.dev/blog/7-myths-designers-and-developers-believe-about-web-accessibility/index.html]
[localghost.dev/blog/7-myths-designers-and-developers-believe-about-web-accessibility/nextjs.org/index.html]
[localghost.dev/og-images/start-at-the-beginning-the-importance-of-learning-the-basics.png]
[localghost.dev/img/blog/make-your-own-webpage.jpg]
[localghost.dev/blog/start-at-the-beginning-the-importance-of-learning-the-basics/index.html]
[localghost.dev/og-images/questions-to-ask-at-an-engineering-interview.png]
[localghost.dev/0221/06/the-right-tag-for-the-job-why-you-should-use-semantic-html/index.html]
[localghost.dev/img/blog/silicon-valley-crushed-it.png]
[localghost.dev/blog/questions-to-ask-at-an-engineering-interview/index.html]
[localghost.dev/og-images/burnout-a-cautionary-tale-and-a-plea-to-take-a-break.png]
[localghost.dev/img/blog/boris.jpg]
[localghost.dev/blog/burnout-a-cautionary-tale-and-a-plea-to-take-a-break/index.html]
[localghost.dev/og-images/give-yourself-a-break-lessons-from-burnout.png]
[localghost.dev/blog/give-yourself-a-break-lessons-from-burnout/index.html]
[localghost.dev/og-images/engineering-progression-for-humans.png]
[localghost.dev/img/blog/eng-progression/eng-path.png]
[localghost.dev/img/blog/eng-progression/ladder-photo.jpg]
[localghost.dev/img/blog/eng-progression/ladder-2.png]
[localghost.dev/img/blog/eng-progression/ladder-1.png]
[localghost.dev/img/blog/eng-progression/climbing-frame-photo.jpg]
[localghost.dev/img/blog/eng-progression/climbing-frame.png]
[localghost.dev/img/blog/eng-progression/monkey-bars-photo.jpg]
[localghost.dev/img/blog/eng-progression/monkey-bars.png]
[localghost.dev/img/blog/eng-progression/merry-go-round-photo.jpg]
[localghost.dev/img/blog/eng-progression/merry-go-round.png]
[localghost.dev/img/blog/eng-progression/rocker-photo.jpg]
[localghost.dev/img/blog/eng-progression/rocker.png]
[localghost.dev/blog/engineering-progression-for-humans/index.html]
[localghost.dev/og-images/why-software-engineers-should-know-their-audience.png]
[localghost.dev/img/blog/xkcd-eli5.png]
[localghost.dev/blog/why-software-engineers-should-know-their-audience/index.html]
[localghost.dev/og-images/upcoming-talk-all-day-hey-leeds-2nd-may-2024.png]
[localghost.dev/img/blog/ADH24_speaker_all_final.png]
[localghost.dev/blog/upcoming-talk-all-day-hey-leeds-2nd-may-2024/index.html]
[localghost.dev/og-images/automated-weekly-links-posts-with-raindrop-io-and-eleventy.png]
[localghost.dev/img/blog/raindrop-bookmark.png]
[localghost.dev/blog/automated-weekly-links-posts-with-raindrop-io-and-eleventy/index.html]
[localghost.dev/og-images/how-i-deploy-my-eleventy-site-to-neocities.png]
[localghost.dev/blog/how-i-deploy-my-eleventy-site-to-neocities/index.html]
[localghost.dev/og-images/building-post-types-and-category-rss-feeds-in-eleventy.png]
[localghost.dev/blog/building-post-types-and-category-rss-feeds-in-eleventy/index.html]
[localghost.dev/og-images/everything-i-googled-in-a-week-as-a-senior-software-engineer.png]
[localghost.dev/blog/everything-i-googled-in-a-week-as-a-senior-software-engineer/index.html]
[github.com/SBoudrias/Inquirer.html]
[localghost.dev/og-images/everything-i-googled-in-a-week-as-a-professional-software-engineer.png]
[localghost.dev/img/blog/ground.png]
[localghost.dev/img/blog/thecorrs-search.png]
[localghost.dev/img/blog/thecors.jpg]
[localghost.dev/blog/everything-i-googled-in-a-week-as-a-professional-software-engineer/index.html]
[localghost.dev/blog/everything-should-have-an-api-adventures-in-trying-to-automate-stuff/_/img/blog/phpcurrently.png_]
[localghost.dev/og-images/everything-should-have-an-api-adventures-in-trying-to-automate-stuff.png]
[localghost.dev/blog/everything-should-have-an-api-adventures-in-trying-to-automate-stuff/index.html]
[github.com/rknightuk/api/blob/main/services/lastfm.html]
[localghost.dev/og-images/i-miss-twitter.png]
[localghost.dev/blog/i-miss-twitter/index.html]
[localghost.dev/og-images/new-keyboard-alert-mykeyclub-mkc75.png]
[localghost.dev/img/blog/mkc75/switches.jpg]
[localghost.dev/blog/new-keyboard-alert-mykeyclub-mkc75/index.html]
[localghost.dev/og-images/so-you-ve-decided-to-get-into-mechanical-keyboards.png]
[localghost.dev/img/blog/mech-boards/switches.jpg]
[localghost.dev/img/blog/mech-boards/split-keyboard.jpg]
[localghost.dev/img/blog/mech-boards/dreamscape-render.webp]
[localghost.dev/blog/so-you-ve-decided-to-get-into-mechanical-keyboards/index.html]
[localghost.dev/og-images/a-typical-day-pandemic-edition.png]
[localghost.dev/img/blog/typical-day/embroidery.jpg]
[localghost.dev/2020/12/give-yourself-a-break-lessons-from-burnout/index.html]
[localghost.dev/img/blog/typical-day/wedding-flowers.jpg]
[localghost.dev/blog/a-typical-day-pandemic-edition/index.html]
[localghost.dev/og-images/twitter-reply-guys-were-bad-but-mastodon-is-no-better.png]
[localghost.dev/img/blog/colour-match-ide.png]
[localghost.dev/blog/twitter-reply-guys-were-bad-but-mastodon-is-no-better/index.html]
[localghost.dev/og-images/when-going-back-doesn-t-mean-going-backwards.png]
[localghost.dev/blog/when-going-back-doesn-t-mean-going-backwards/index.html]
[localghost.dev/og-images/listen-to-this-the-stand-in-by-caitlin-rose.png]
[localghost.dev/img/blog/music/the-stand-in.jpg]
[localghost.dev/blog/listen-to-this-the-stand-in-by-caitlin-rose/index.html]
[localghost.dev/og-images/a-good-podcast-twenty-thousand-hertz.png]
[localghost.dev/img/blog/podcasts/twenty-thousand-hertz.jpg]
[localghost.dev/blog/a-good-podcast-twenty-thousand-hertz/index.html]
[localghost.dev/og-images/a-good-podcast-if-books-could-kill.png]
[localghost.dev/img/blog/podcasts/if-books-could-kill.jpg]
[localghost.dev/blog/a-good-podcast-if-books-could-kill/index.html]
[localghost.dev/og-images/a-good-recipe-ways-with-rhubarb.png]
[localghost.dev/img/blog/recipes/rhubarb-custard-blondies.jpg]
[localghost.dev/blog/a-good-recipe-ways-with-rhubarb/index.html]
[localghost.dev/og-images/a-good-recipe-the-best-chocolate-brownies.png]
[localghost.dev/blog/a-good-recipe-the-best-chocolate-brownies/index.html]
[localghost.dev/og-images/a-good-recipe-smitten-kitchen-s-apple-pie-cookies.png]
[localghost.dev/img/blog/recipes/apple-pie-cookies.jpg]
[localghost.dev/blog/a-good-recipe-smitten-kitchen-s-apple-pie-cookies/index.html]
[localghost.dev/og-images/introducing-separate-category-rss-feeds.png]
[localghost.dev/blog/introducing-separate-category-rss-feeds/index.html]
[localghost.dev/og-images/defending-yourself-against-cross-site-scripting-attacks-with-content-security-policy.png]
[localghost.dev/img/blog/csp/eval-error.png]
[localghost.dev/img/blog/csp/gandalf.png]
[localghost.dev/img/blog/csp/csp-error.png]
[localghost.dev/img/blog/csp/ron-swanson.webp]
[localghost.dev/blog/defending-yourself-against-cross-site-scripting-attacks-with-content-security-policy/index.html]
[localghost.dev/og-images/sending-webmentions-from-a-static-site.png]
[localghost.dev/blog/sending-webmentions-from-a-static-site/index.html]
[localghost.dev/blog/page/3/index.html]
[localghost.dev/img/blog/fallow-starter.html]
[localghost.dev/img/blog/fallow-dessert.html]
[localghost.dev/img/blog/2022-recap/murmurations.html]
[localghost.dev/css/build-like-1999.css]
[pbs.twimg.com/profile_images/1336281436685541376/fRSl8uJP_normal.jpg]
[pbs.twimg.com/profile_images/1530342542075695104/u546yO_I_normal.jpg]
[pbs.twimg.com/profile_images/1133122333290291200/xV9gO-D6_normal.jpg]
[pbs.twimg.com/profile_images/1227157516125007872/wGv0kVwc_normal.jpg]
[pbs.twimg.com/profile_images/786039150667411456/t_0mWTZk_normal.jpg]
[pbs.twimg.com/profile_images/1429504343875670016/zjwrjcGY_normal.jpg]
[pbs.twimg.com/profile_images/1450166432654712833/_tvvPyQ8_normal.jpg]
[pbs.twimg.com/profile_images/1515077650557149195/ZoR5WdFD_normal.jpg]
[pbs.twimg.com/profile_images/1532932743939727360/x4owY3LL_normal.jpg]
[localghost.dev/2020/10/7-myths-designers-and-developers-believe-about-web-accessibility/index.html]
[pbs.twimg.com/profile_images/1412041452675383297/qD9K8Hh4_normal.jpg]
[localghost.dev/blog/7-myths-designers-and-developers-believe-about-web-accessibility/nextjs.org/index.html]
[localghost.dev/0221/06/the-right-tag-for-the-job-why-you-should-use-semantic-html/index.html]
[github.githubassets.com/assets/light-0cfd1fd8509e.css]
[github.githubassets.com/assets/dark-d782f59290e2.css]
[localghost.dev/blog/page/4/index.html]
[github.githubassets.com/assets/dark_dimmed-f9fbc4b99a77.css]
[github.githubassets.com/assets/dark_high_contrast-cff1c9b27b1a.css]
[github.githubassets.com/assets/dark_colorblind-70097f75aec1.css]
[github.githubassets.com/assets/light_colorblind-c2f0d49bdcd9.css]
[github.githubassets.com/assets/light_high_contrast-4747d7bc0bc4.css]
[github.githubassets.com/assets/light_tritanopia-d3f6a61c91c8.css]
[github.githubassets.com/assets/dark_tritanopia-a188d53f44bb.css]
[github.githubassets.com/assets/primer-primitives-953961b66e63.css]
[github.githubassets.com/assets/primer-c2a395868004.css]
[github.githubassets.com/assets/global-2f00718c6733.css]
[github.githubassets.com/assets/github-2bd3a44faeb2.css]
[github.githubassets.com/assets/repository-d031bcc14e1b.css]
[github.githubassets.com/assets/code-9e1913b328be.css]
[github.githubassets.com/assets/wp-runtime-83bc7f0dcde8.js]
[github.githubassets.com/assets/vendors-node_modules_oddbird_popover-polyfill_dist_popover_js-9da652f58479.js]
[github.githubassets.com/assets/vendors-node_modules_github_arianotify-polyfill_ariaNotify-polyfill_js-node_modules_github_mi-3abb8f-d7e6bc799724.js]
[github.githubassets.com/assets/ui_packages_failbot_failbot_ts-09435cd1cf6d.js]
[github.githubassets.com/assets/environment-7b93e0f0c8ff.js]
[github.githubassets.com/assets/vendors-node_modules_primer_behaviors_dist_esm_index_mjs-ea2a5d75d580.js]
[github.githubassets.com/assets/vendors-node_modules_github_selector-observer_dist_index_esm_js-f690fd9ae3d5.js]
[github.githubassets.com/assets/vendors-node_modules_github_relative-time-element_dist_index_js-f6da4b3fa34c.js]
[github.githubassets.com/assets/vendors-node_modules_github_combobox-nav_dist_index_js-node_modules_github_g-emoji-element_di-6ce195-8dc38c1f27cc.js]
[github.githubassets.com/assets/vendors-node_modules_github_auto-complete-element_dist_index_js-node_modules_github_catalyst_-8e9f78-a74b4e0a8a6b.js]
[github.githubassets.com/assets/vendors-node_modules_github_text-expander-element_dist_index_js-78748950cb0c.js]
[github.githubassets.com/assets/vendors-node_modules_github_filter-input-element_dist_index_js-node_modules_github_remote-inp-b5f1d7-a1760ffda83d.js]
[github.githubassets.com/assets/vendors-node_modules_github_file-attachment-element_dist_index_js-node_modules_primer_view-co-381a4f-e1937e23751a.js]
[github.githubassets.com/assets/github-elements-902713b269e2.js]
[github.githubassets.com/assets/element-registry-3cb970f9c462.js]
[github.githubassets.com/assets/vendors-node_modules_braintree_browser-detection_dist_browser-detection_js-node_modules_githu-bb80ec-1b4f4deecd3a.js]
[github.githubassets.com/assets/vendors-node_modules_lit-html_lit-html_js-be8cb88f481b.js]
[github.githubassets.com/assets/vendors-node_modules_github_mini-throttle_dist_index_js-node_modules_morphdom_dist_morphdom-e-7c534c-a4a1922eb55f.js]
[github.githubassets.com/assets/vendors-node_modules_github_turbo_dist_turbo_es2017-esm_js-e3cbe28f1638.js]
[github.githubassets.com/assets/vendors-node_modules_github_remote-form_dist_index_js-node_modules_delegated-events_dist_inde-893f9f-6cf3320416b8.js]
[github.githubassets.com/assets/vendors-node_modules_color-convert_index_js-e3180fe3bcb3.js]
[github.githubassets.com/assets/vendors-node_modules_github_quote-selection_dist_index_js-node_modules_github_session-resume_-69cfcc-833249ee3034.js]
[github.githubassets.com/assets/ui_packages_updatable-content_updatable-content_ts-863ef5872a03.js]
[github.githubassets.com/assets/app_assets_modules_github_behaviors_task-list_ts-app_assets_modules_github_sso_ts-ui_packages-900dde-917d4bda1f1a.js]
[github.githubassets.com/assets/app_assets_modules_github_sticky-scroll-into-view_ts-7cbef09a422c.js]
[github.githubassets.com/assets/app_assets_modules_github_behaviors_ajax-error_ts-app_assets_modules_github_behaviors_include-d0d0a6-b41aeef03499.js]
[github.githubassets.com/assets/app_assets_modules_github_behaviors_commenting_edit_ts-app_assets_modules_github_behaviors_ht-83c235-fb43816ab83c.js]
[github.githubassets.com/assets/behaviors-bd73f5127970.js]
[github.githubassets.com/assets/vendors-node_modules_delegated-events_dist_index_js-node_modules_github_catalyst_lib_index_js-f6223d90c7ba.js]
[github.githubassets.com/assets/notifications-global-cfcd9f4f0f23.js]
[github.githubassets.com/assets/vendors-node_modules_virtualized-list_es_index_js-node_modules_github_template-parts_lib_index_js-96453a51f920.js]
[github.githubassets.com/assets/vendors-node_modules_github_remote-form_dist_index_js-node_modules_delegated-events_dist_inde-70450e-eecf0d50276f.js]
[github.githubassets.com/assets/app_assets_modules_github_ref-selector_ts-74c351a8d897.js]
[github.githubassets.com/assets/codespaces-a493a4b9528f.js]
[github.githubassets.com/assets/vendors-node_modules_github_filter-input-element_dist_index_js-node_modules_github_remote-inp-3eebbd-0763620ad7bf.js]
[github.githubassets.com/assets/vendors-node_modules_github_mini-throttle_dist_decorators_js-node_modules_delegated-events_di-e161aa-9d41fb1b6c9e.js]
[github.githubassets.com/assets/vendors-node_modules_github_file-attachment-element_dist_index_js-node_modules_github_remote--3c9c82-7238cfcdaa51.js]
[github.githubassets.com/assets/repositories-f3093651fb0e.js]
[github.githubassets.com/assets/vendors-node_modules_github_mini-throttle_dist_index_js-node_modules_github_catalyst_lib_inde-dbbea9-26cce2010167.js]
[github.githubassets.com/assets/code-menu-a6586c32bc2f.js]
[github.githubassets.com/assets/primer-react-dcbe4742cab1.js]
[github.githubassets.com/assets/react-core-10ab7568dc1d.js]
[github.githubassets.com/assets/react-lib-2131e17288a8.js]
[github.githubassets.com/assets/octicons-react-45c3a19dd792.js]
[github.githubassets.com/assets/vendors-node_modules_tanstack_query-core_build_modern_queryClient_js-e6f07a7e80b7.js]
[github.githubassets.com/assets/vendors-node_modules_emotion_is-prop-valid_dist_emotion-is-prop-valid_esm_js-node_modules_emo-37e3d5-92730c05e718.js]
[github.githubassets.com/assets/vendors-node_modules_github_mini-throttle_dist_index_js-node_modules_stacktrace-parser_dist_s-e7dcdd-f7cc96ebae76.js]
[github.githubassets.com/assets/vendors-node_modules_oddbird_popover-polyfill_dist_popover-fn_js-55fea94174bf.js]
[github.githubassets.com/assets/notifications-subscriptions-menu-51601778bd8d.js]
[github.githubassets.com/assets/primer-react.978a0e823d7b04f19850.module.css]
[github.githubassets.com/assets/notifications-subscriptions-menu.1bcff9205c241e99cff2.module.css]
[github.com/fluidicon.png]
[github.githubassets.com/favicons/favicon.png]
[github.githubassets.com/assets/ui_packages_ui-commands_ui-commands_ts-ad1e2d0f65cc.js]
[github.githubassets.com/assets/keyboard-shortcuts-dialog-958cae8ecd6c.js]
[github.githubassets.com/assets/vendors-node_modules_github_remote-form_dist_index_js-node_modules_delegated-events_dist_inde-94fd67-73b675cf164a.js]
[github.githubassets.com/assets/sessions-5d6426bbf16a.js]
[github.com/logind2cc.html]
[github.com/signupf168.html]
[github.com/login172a.html]
[github.com/SBoudrias/Inquirer.js/blob/main/LICENSE.html]
[github.com/SBoudrias/Inquirer.js/stargazers.html]
[github.com/SBoudrias/Inquirer.js/forks.html]
[github.com/SBoudrias/Inquirer.js/branches.html]
[github.com/SBoudrias/Inquirer.js/tags.html]
[github.com/SBoudrias/Inquirer.js/activity.html]
[github.com/SBoudrias/Inquirer.js/issues.html]
[github.com/SBoudrias/Inquirer.js/pulls.html]
[github.com/SBoudrias/Inquirer.js/discussions.html]
[github.com/SBoudrias/Inquirer.js/actions.html]
[github.com/SBoudrias/Inquirer.js/security.html]
[github.com/SBoudrias/Inquirer.js/security/overall-count.191.delayed]
[github.githubassets.com/assets/vendors-node_modules_dompurify_dist_purify_js-b89b98661809.js]
[github.com/SBoudrias/Inquirer.js/pulse.html]
[github.githubassets.com/assets/vendors-node_modules_tanstack_query-core_build_modern_queryObserver_js-node_modules_tanstack_-defd52-843b41414e0e.js]
[github.githubassets.com/assets/ui_packages_aria-live_aria-live_ts-ui_packages_promise-with-resolvers-polyfill_promise-with-r-014121-a7926fdcecf7.js]
[github.githubassets.com/assets/ui_packages_paths_index_ts-f12c66ceb89d.js]
[github.githubassets.com/assets/ui_packages_ref-selector_RefSelector_tsx-9445f4afb2bc.js]
[github.githubassets.com/assets/ui_packages_code-view-shared_hooks_use-canonical-object_ts-ui_packages_code-view-shared_hooks-a6859a-6f85088e9b13.js]
[github.githubassets.com/assets/ui_packages_commit-attribution_index_ts-ui_packages_commit-checks-status_index_ts-ui_packages-ba46f8-39f0ccb45f29.js]
[github.githubassets.com/assets/repos-overview-1cb3b222c0fd.js]
[github.githubassets.com/assets/repos-overview.9cc263aa0716ce801059.module.css]
[github.com/SBoudrias/Inquirer.js/tree/main/.html]
[github.com/SBoudrias/Inquirer.js/commits/main/index.html]
[github.com/SBoudrias/Inquirer.js/tree/main/-2.html]
[github.com/SBoudrias/Inquirer.js/tree/main/.yarn/cache.html]
[github.com/SBoudrias/Inquirer.js/tree/main/assets.html]
[github.com/SBoudrias/Inquirer.js/tree/main/integration.html]
[github.com/SBoudrias/Inquirer.js/tree/main/internals.html]
[github.com/SBoudrias/Inquirer.js/tree/main/packages.html]
[github.com/SBoudrias/Inquirer.js/tree/main/tools.html]
[github.com/SBoudrias/Inquirer.js/blob/main/.html]
[github.com/SBoudrias/Inquirer.js/blob/main/-2.html]
[github.com/SBoudrias/Inquirer.js/blob/main/-3.html]
[github.com/SBoudrias/Inquirer.js/blob/main/-4.html]
[github.com/SBoudrias/Inquirer.js/blob/main/.prettierrc.html]
[github.com/SBoudrias/Inquirer.js/blob/main/-5.html]
[github.com/SBoudrias/Inquirer.js/blob/main/.yarnrc.html]
[github.com/SBoudrias/Inquirer.js/blob/main/CONTRIBUTING.html]
[github.com/SBoudrias/Inquirer.js/blob/main/README.html]
[github.com/SBoudrias/Inquirer.js/blob/main/SECURITY.html]
[github.com/SBoudrias/Inquirer.js/blob/main/codecov.html]
[github.com/SBoudrias/Inquirer.js/blob/main/eslint.config.html]
[github.com/SBoudrias/Inquirer.js/blob/main/lerna.html]
[github.com/SBoudrias/Inquirer.js/blob/main/package.html]
[github.com/SBoudrias/Inquirer.js/blob/main/tea.html]
[github.com/SBoudrias/Inquirer.js/blob/main/tsconfig.html]
[github.com/SBoudrias/Inquirer.js/blob/main/turbo.html]
[github.com/SBoudrias/Inquirer.js/blob/main/vitest.config.html]
[github.com/SBoudrias/Inquirer.js/blob/main/yarn.html]
[app.fossa.com/projects/git+github.com/SBoudrias/Inquirerfd26.html]
[github.com/SBoudrias/Inquirer.js/tree/main/packages/inquirer.html]
[github.com/SBoudrias/Inquirer.js/tree/main/packages/input.html]
[github.com/SBoudrias/Inquirer.js/tree/main/packages/select.html]
[github.com/SBoudrias/Inquirer.js/tree/main/packages/checkbox.html]
[github.com/SBoudrias/Inquirer.js/tree/main/packages/confirm.html]
[github.com/SBoudrias/Inquirer.js/tree/main/packages/search.html]
[raw.githubusercontent.com/SBoudrias/Inquirer.js/f459199e679aec7676cecc0fc12ef8a4cd3dda0b/assets/screenshots/search.png]
[github.com/SBoudrias/Inquirer.js/tree/main/packages/password.html]
[github.com/SBoudrias/Inquirer.js/tree/main/packages/expand.html]
[github.com/SBoudrias/Inquirer.js/tree/main/packages/editor.html]
[github.com/SBoudrias/Inquirer.js/tree/main/packages/number.html]
[github.com/SBoudrias/Inquirer.js/tree/main/packages/rawlist.html]
[github.com/SBoudrias/Inquirer.js/tree/main/packages/core.html]
[github.com/SBoudrias/Inquirer.js/tree/main/packages/testing.html]
[github.com/SBoudrias/Inquirer.js/blob/649e78147cbb6390a162ff842d4b21d53a233472/packages/demo/src/index.html]
[github.com/SBoudrias/Inquirer.js/watchers.html]
[github.com/SBoudrias/Inquirer.js/releases.html]
[github.com/SBoudrias/Inquirer.js/releases/tag/@inquirer/confirm@5.1.html]
[github.com/SBoudrias/Inquirer.js/sponsors_listceb7.html]
[github.com/SBoudriasc75b.html]
[github.com/SBoudrias/Inquirer.js/graphs/contributors.html]
[github.com/SBoudrias/Inquirer.js/contributors_list83dc.html]
[github.com/SBoudrias/Inquirer.html]
[localghost.dev/blog/everything-should-have-an-api-adventures-in-trying-to-automate-stuff/_/img/blog/phpcurrently.html]
[github.githubassets.com/assets/vendors-node_modules_lodash-es__Stack_js-node_modules_lodash-es__Uint8Array_js-node_modules_l-4faaa6-10d8eea337ce.js]
[github.githubassets.com/assets/vendors-node_modules_lodash-es__baseIsEqual_js-8929eb9718d5.js]
[github.githubassets.com/assets/vendors-node_modules_github_hydro-analytics-client_dist_analytics-client_js-node_modules_gith-6c9205-5be7897ceb98.js]
[github.githubassets.com/assets/vendors-node_modules_focus-visible_dist_focus-visible_js-node_modules_fzy_js_index_js-node_mo-f8ea3a-77f7bac5c79f.js]
[github.githubassets.com/assets/ui_packages_code-view-shared_utilities_web-worker_ts-ui_packages_code-view-shared_worker-jobs-cdcae1-f0dc8f3ae3e0.js]
[github.githubassets.com/assets/ui_packages_document-metadata_document-metadata_ts-ui_packages_repos-file-tree-view_repos-fil-5db355-20987ff3233b.js]
[github.githubassets.com/assets/app_assets_modules_github_blob-anchor_ts-ui_packages_code-nav_code-nav_ts-ui_packages_filter--8253c1-f38cdfca9137.js]
[github.githubassets.com/assets/react-code-view-4394533420cb.js]
[github.githubassets.com/assets/react-code-view.6b587a69b593e23c3657.module.css]
[github.com/loginef19.html]
[github.com/rknightuk/api/blob/main/services/const artists = await fetch(`https_/ws.audioscrobbler.com/2.0/index14a6.html]
[github.com/rknightuk/api/blob/main/services/const albums = await fetch(`https_/ws.audioscrobbler.com/2.0/indexd6ed.html]
[github.com/rknightuk/api/blob/main/services/const tracks = await fetch(`https_/ws.audioscrobbler.com/2.0/index8b44.html]
[github.com/rknightuk/api/commits/main/services/lastfm.html]
[raw.githubusercontent.com/rknightuk/api/refs/heads/main/services/lastfm.js]
[github.com/rknightuk/api/blob/main/services/lastfm.html]
[localghost.dev/2020/12/give-yourself-a-break-lessons-from-burnout/index.html]
[localghost.dev/blog/page/4/index.html]
[github.githubassets.com/assets/light-0cfd1fd8509e.css]
[github.githubassets.com/assets/dark-d782f59290e2.css]
[github.githubassets.com/assets/dark_dimmed-f9fbc4b99a77.css]
[github.githubassets.com/assets/dark_high_contrast-cff1c9b27b1a.css]
[github.githubassets.com/assets/dark_colorblind-70097f75aec1.css]
[github.githubassets.com/assets/light_colorblind-c2f0d49bdcd9.css]
[github.githubassets.com/assets/light_high_contrast-4747d7bc0bc4.css]
[github.githubassets.com/assets/light_tritanopia-d3f6a61c91c8.css]
[github.githubassets.com/assets/dark_tritanopia-a188d53f44bb.css]
[github.githubassets.com/assets/primer-primitives-953961b66e63.css]
[github.githubassets.com/assets/primer-c2a395868004.css]
[github.githubassets.com/assets/octocat-spinner-16px-EAF2F5-8b50b1cd56db.gif]
[github.githubassets.com/assets/octocat-spinner-32-EAF2F5-ada8eb30dd92.gif]
[github.githubassets.com/assets/background-yellowhatch-v3-ffd8c31a935a.png]
[localghost.dev/blog/page/5/index.html]
[github.githubassets.com/assets/octocat-spinner-16px-52b21dd0a90e.gif]
[github.githubassets.com/assets/error-27e08d342a06.png]
[github.githubassets.com/assets/octocat-spinner-32-36e32e38816e.gif]
[github.githubassets.com/assets/error@2x-92d4bca0a053.png]
[github.githubassets.com/assets/global-2f00718c6733.css]
[github.githubassets.com/assets/octocat-spinner-64-5a4957be9e70.gif]
[github.githubassets.com/assets/trans_bg-b507cc0d0e5d.gif]
[github.githubassets.com/assets/octocat-spinner-128-9d4bc3602169.gif]
[github.githubassets.com/assets/projects-beta-banner-mobile-d1fa5b9e56f6.png]
[github.githubassets.com/assets/projects-beta-banner-d9365bcc4da8.png]
[github.githubassets.com/assets/projects-beta-banner-dark-fc370172a740.png]
[github.githubassets.com/assets/github-2bd3a44faeb2.css]
[github.githubassets.com/assets/heart-explosion-9235d9b294df.png]
[github.githubassets.com/assets/ds-actions-prompt-banner-mobile-e5e057312e9f.png]
[github.githubassets.com/assets/ds-actions-prompt-banner-708e9c012f66.png]
[github.githubassets.com/assets/ds-actions-prompt-banner-mobile-dark-3f109897c743.png]
[github.githubassets.com/assets/ds-actions-prompt-banner-dark-7b6a0129760b.png]
[github.githubassets.com/assets/repository-d031bcc14e1b.css]
[github.githubassets.com/assets/code-9e1913b328be.css]
[github.githubassets.com/assets/primer-react.978a0e823d7b04f19850.module.css]
[github.githubassets.com/assets/notifications-subscriptions-menu.1bcff9205c241e99cff2.module.css]
[github.githubassets.com/assets/app_assets_modules_github_settings_runner-groups_ts-app_assets_modules_github_throttled-input-d4dbeb-443053e6dc51.js]
[github.githubassets.com/assets/settings-13f812fde2aa.js]
[github.githubassets.com/assets/signup-1c0a7fd07424.js]
[github.com/opensearch.xml]
[github.com/login.html]
[github.com/manifest.json]
[github.com/password_reset.html]
[github.com/logind2cc.html]
[github.com/signup6def.html]
[github.githubassets.com/assets/site-cebe295375c4.css]
[github.githubassets.com/assets/signup-ad8482cb04eb.css]
[github.githubassets.com/assets/vendors-node_modules_delegated-events_dist_index_js-node_modules_github_memoize_dist_esm_inde-455471-db0dac70ef9e.js]
[github.githubassets.com/assets/signup-redesign-32b08bc3f64c.js]
[github.com/login2b26.html]
[github.githubassets.com/assets/launch-codes-mona-fallback@1x-baf96e8322b3.jpg]
[github.com/email_validity_checks.209.delayed]
[github.com/password_validity_checks.20a.delayed]
[github.com/signupf168.html]
[github.com/SBoudrias/Inquirer.js/sponsor_button.html]
[github.com/security.html]
[github.com/login172a.html]
[github.com/signup9aea.html]
[github.com/signupff3f.html]
[github.com/SBoudrias/Inquirer.js/tree/main.html]
[github.com/SBoudrias/Inquirer.js/commits/main/LICENSE.html]
[github.com/SBoudrias/Inquirer.js/blob/main/LICENSE.html]
[github.com/signup01eb.html]
[github.com/SBoudrias/Inquirer.js/stargazers.html]
[github.com/SBoudrias/Inquirer.js/stargazers4658.html]
[github.githubassets.com/assets/insights-c5cddd751d33.css]
[github.githubassets.com/assets/forks-40884173ee93.js]
[github.com/signup363f.html]
[github.com/SBoudrias/Inquirer.js/community.html]
[github.com/SBoudrias/Inquirer.js/graphs/commit-activity.html]
[github.com/SBoudrias/Inquirer.js/graphs/code-frequency.html]
[github.com/SBoudrias/Inquirer.js/network/dependencies.html]
[github.com/SBoudrias/Inquirer.js/network.html]
[github.com/SBoudrias/Inquirer.js/network/members.html]
[github.com/SBoudrias/Inquirer.js/forks70c3.html]
[github.com/SBoudrias/Inquirer.js/forksf54e.html]
[github.com/SBoudrias/Inquirer.js/forks2b33.html]
[github.com/SBoudrias/Inquirer.js/forks1eef.html]
[github.com/SBoudrias/Inquirer.js/forks8db0.html]
[github.com/SBoudrias/Inquirer.js/forksf35e.html]
[github.com/SBoudrias/Inquirer.js/forksba5b.html]
[github.com/SBoudrias/Inquirer.js/forks345c.html]
[github.com/SBoudrias/Inquirer.js/forkseded.html]
[github.com/SBoudrias/Inquirer.js/forks4c63.html]
[github.com/SBoudrias/Inquirer.js/forks5a0a.html]
[github.com/SBoudrias/Inquirer.js/forksa443.html]
[github.com/SBoudrias/Inquirer.js/forks814f.html]
[github.com/sindresorhus/Inquirer.html]
[github.com/zonemeen/Inquirer.html]
[github.com/xXxrAinZyian/Inquirer.html]
[github.com/fossamagna/Inquirer.html]
[github.com/radvil/Inquirer.html]
[github.com/qwe1060110723/Inquirer.html]
[github.com/PatOnTheBack/Inquirer.html]
[github.com/onsclom/Inquirer.html]
[github.com/nvlang/Inquirer.html]
[github.com/nobodyiam95/Inquirer.html]
[github.com/nicholas-tayag/Inquirer.html]
[github.com/NabeelAyubee/Inquirer.html]
[github.com/myidmrocks/Inquirer.html]
[github.com/mustafa60x/Inquirer.html]
[github.com/mshima/Inquirer.html]
[github.com/mokkabonna/Inquirer.html]
[github.com/mifi/Inquirer.html]
[github.com/mensah-j/Inquirer.html]
[github.com/matthyk/Inquirer.html]
[github.com/matteosacchetto/Inquirer.html]
[github.com/mastrzyz/Inquirer.html]
[github.com/mandryllo/Inquirer.html]
[github.com/zys-contrib/Inquirer.html]
[github.com/zenithlight/Inquirer.html]
[github.com/yuiyideyui/Inquirer.html]
[github.com/SBoudrias/Inquirer.js/forks4658.html]
[github.com/SBoudrias/Inquirer.js/forks9ba9.html]
[github.com/SBoudrias/Inquirer.js/forks.html]
[github.com/SBoudrias/Inquirer.js/forksfdb0.html]
[github.githubassets.com/assets/staff-0aa284f91bc2.css]
[github.githubassets.com/assets/devtools-ed3c56d5f6b2.css]
[github.githubassets.com/assets/vendors-node_modules_primer_live-region-element_dist_esm_index_js-node_modules_react-virtual_-75c620-17b0cece57a7.js]
[github.githubassets.com/assets/vendors-node_modules_focus-visible_dist_focus-visible_js-node_modules_github_hydro-analytics--479797-f56588bf4c81.js]
[github.githubassets.com/assets/ui_packages_create-branch-button_CreateBranchButton_tsx-f598ac1bcd9c.js]
[github.githubassets.com/assets/repos-branches-bbc0f29d51d4.js]
[github.com/signup23ae.html]
[github.com/SBoudrias/Inquirer.js/branches/active.html]
[github.com/SBoudrias/Inquirer.js/branches/stale.html]
[github.com/SBoudrias/Inquirer.js/branches/all.html]
[github.com/SBoudrias/Inquirer.js/tree/chore/vitest-workspace.html]
[github.com/SBoudrias/Inquirer.js/tree/chore/ansi-escapes.html]
[github.com/SBoudrias/Inquirer.js/branches.html]
[github.githubassets.com/assets/releases-d27bae89dc62.css]
[github.com/SBoudrias/Inquirer.js/tree/fix/issue-1561.html]
[github.com/signupd3d9.html]
[github.com/SBoudrias/Inquirer.js/releases/tag/inquirer@12.2.html]
[github.com/SBoudrias/Inquirer.js/commit/5713287885155c0081fca4190c17c18c598d9602.html]
[github.com/SBoudrias/Inquirer.js/releases/tag/@inquirer/testing@2.1.html]
[github.com/SBoudrias/Inquirer.js/releases/tag/@inquirer/select@4.0.html]
[github.com/SBoudrias/Inquirer.js/releases/tag/@inquirer/search@3.0.html]
[github.com/SBoudrias/Inquirer.js/releases/tag/@inquirer/rawlist@4.0.html]
[github.com/SBoudrias/Inquirer.js/releases/tag/@inquirer/prompts@7.2.html]
[github.com/SBoudrias/Inquirer.js/releases/tag/@inquirer/password@4.0.html]
[github.com/SBoudrias/Inquirer.js/releases/tag/@inquirer/number@3.0.html]
[github.com/SBoudrias/Inquirer.js/releases/tag/@inquirer/input@4.1.html]
[github.com/SBoudrias/Inquirer.js/releases/tag/@inquirer/expand@4.0.html]
[github.com/SBoudrias/Inquirer.js/tags.html]
[github.com/SBoudrias/Inquirer.js/tags0367.html]
[github.com/SBoudrias/Inquirer.js/activity.html]
[github.githubassets.com/assets/vendors-node_modules_github_hydro-analytics-client_dist_analytics-client_js-node_modules_gith-319037-b9c667b0b6e1.js]
[github.com/SBoudrias/Inquirer.js/issues.html]
[github.com/SBoudrias/Inquirer.js/pulls.html]
[github.com/SBoudrias/Inquirer.js/discussions.html]
[github.com/SBoudrias/Inquirer.js/actions.html]
[github.com/SBoudrias/Inquirer.js/security.html]
[github.com/SBoudrias/Inquirer.js/security/overall-count.html]
[github.com/SBoudrias/Inquirer.js/pulse.html]
[github.githubassets.com/assets/repos-overview.9cc263aa0716ce801059.module.css]
[github.com/SBoudrias/Inquirer.js/commits/main/index.html]
[github.com/SBoudrias/Inquirer.js/tree/main/.html]
[github.com/SBoudrias/Inquirer.js/tree/main/-2.html]
[github.com/SBoudrias/Inquirer.js/tree/main/.yarn/cache.html]
[github.com/SBoudrias/Inquirer.js/tree/main/assets.html]
[github.com/SBoudrias/Inquirer.js/tree/main/integration.html]
[github.com/SBoudrias/Inquirer.js/tree/main/internals.html]
[github.com/SBoudrias/Inquirer.js/tree/main/packages.html]
[github.com/SBoudrias/Inquirer.js/tree/main/tools.html]
[github.com/SBoudrias/Inquirer.js/blob/main/.html]
[github.com/SBoudrias/Inquirer.js/blob/main/-2.html]
[github.com/SBoudrias/Inquirer.js/blob/main/-3.html]
[github.com/SBoudrias/Inquirer.js/blob/main/-4.html]
[github.com/SBoudrias/Inquirer.js/blob/main/.prettierrc.html]
[github.com/SBoudrias/Inquirer.js/blob/main/-5.html]
[github.com/SBoudrias/Inquirer.js/blob/main/.yarnrc.html]
[github.com/SBoudrias/Inquirer.js/blob/main/CONTRIBUTING.html]
[github.com/SBoudrias/Inquirer.js/blob/main/README.html]
[github.com/SBoudrias/Inquirer.js/blob/main/SECURITY.html]
[github.com/SBoudrias/Inquirer.js/blob/main/codecov.html]
[github.com/SBoudrias/Inquirer.js/blob/main/eslint.config.html]
[github.com/SBoudrias/Inquirer.js/blob/main/lerna.html]
[github.com/SBoudrias/Inquirer.js/blob/main/package.html]
[github.com/SBoudrias/Inquirer.js/blob/main/tea.html]
[github.com/SBoudrias/Inquirer.js/blob/main/tsconfig.html]
[github.com/SBoudrias/Inquirer.js/blob/main/turbo.html]
[github.com/SBoudrias/Inquirer.js/blob/main/vitest.config.html]
[github.com/SBoudrias/Inquirer.js/blob/main/yarn.html]
[app.fossa.com/projects/git+github.com/SBoudrias/Inquirerfd26.html]
[github.com/SBoudrias/Inquirer.js/tree/main/packages/inquirer.html]
[github.com/SBoudrias/Inquirer.js/tree/main/packages/input.html]
[github.com/SBoudrias/Inquirer.js/tree/main/packages/select.html]
[github.com/SBoudrias/Inquirer.js/tree/main/packages/checkbox.html]
[github.com/SBoudrias/Inquirer.js/tree/main/packages/confirm.html]
[github.com/SBoudrias/Inquirer.js/tree/main/packages/search.html]
[github.com/SBoudrias/Inquirer.js/tree/main/packages/password.html]
[github.com/SBoudrias/Inquirer.js/tree/main/packages/expand.html]
[github.com/SBoudrias/Inquirer.js/tree/main/packages/editor.html]
[github.com/SBoudrias/Inquirer.js/tree/main/packages/number.html]
[github.com/SBoudrias/Inquirer.js/tree/main/packages/rawlist.html]
[github.com/SBoudrias/Inquirer.js/tree/main/packages/core.html]
[github.com/SBoudrias/Inquirer.js/tree/main/packages/testing.html]
[github.com/SBoudrias/Inquirer.js/blob/649e78147cbb6390a162ff842d4b21d53a233472/packages/demo/src/index.html]
[github.com/SBoudrias/Inquirer.js/hovercards/citation/sidebar_partial7881.html]
[github.com/SBoudrias/Inquirer.js/watchers.html]
[github.com/SBoudrias/Inquirer.js/releases.html]
[github.com/SBoudrias/Inquirer.js/releases/tag/@inquirer/confirm@5.1.html]
[github.com/SBoudrias/Inquirer.js/sponsors_listceb7.html]
[github.com/SBoudriasc75b.html]
[github.com/SBoudrias/Inquirer.js/used_by_list.html]
[github.com/SBoudrias/Inquirer.js/graphs/contributors.html]
[github.com/SBoudrias/Inquirer.js/contributors_list83dc.html]
[github.githubassets.com/assets/react-code-view.6b587a69b593e23c3657.module.css]
[github.com/loginef19.html]
[github.com/rknightuk/api/blob/main/services/const albums = await fetch(`https_/ws.audioscrobbler.com/2.0/indexd6ed.html]
[github.com/rknightuk/api/blob/main/services/const tracks = await fetch(`https_/ws.audioscrobbler.com/2.0/index8b44.html]
[github.com/rknightuk/api/blob/main/services/const artists = await fetch(`https_/ws.audioscrobbler.com/2.0/index14a6.html]
[github.com/rknightuk/api/commits/main/services/lastfm.html]
[raw.githubusercontent.com/rknightuk/api/refs/heads/main/services/lastfm.js]
[localghost.dev/blog/page/5/index.html]
[github.githubassets.com/assets/progressive-disclosure-line-7908f33fc4c6.svg]
[github.githubassets.com/assets/progressive-disclosure-line-dark-b31a1fc5e932.svg]
[github.githubassets.com/assets/octocat-spinner-darkmode-621ec25df5e9.svg]
[github.githubassets.com/assets/octocat-spinner-lightmode-3ac6fd33ead5.svg]
[github.githubassets.com/assets/rules-promo-banner-light-mobile-915fa9def8af.svg]
[github.githubassets.com/assets/rules-promo-banner-light-f2faab0aacee.svg]
[github.githubassets.com/assets/rules-promo-banner-dark-mobile-907c0c4a458d.svg]
[github.githubassets.com/assets/rules-promo-banner-dark-51278c312ec0.svg]
[github.com/login.html]
[github.com/password_reset.html]
[github.com/signup6def.html]
[github.githubassets.com/assets/site-cebe295375c4.css]
[github.githubassets.com/assets/signup-ad8482cb04eb.css]
[github.com/login2b26.html]
[github.com/email_validity_checks.html]
[github.com/password_validity_checks.html]
[github.com/signup_check/usernamefc8d.html]
[github.com/security.html]
[github.com/signup9aea.html]
[github.com/signupff3f.html]
[github.com/SBoudrias/Inquirer.js/tree/main.html]
[github.com/SBoudrias/Inquirer.js/commits/main/LICENSE.html]
[github.com/signup01eb.html]
[github.com/SBoudrias/Inquirer.js/stargazers4658.html]
[github.githubassets.com/assets/insights-c5cddd751d33.css]
[github.com/signup363f.html]
[github.com/SBoudrias/Inquirer.js/community.html]
[github.com/SBoudrias/Inquirer.js/graphs/commit-activity.html]
[github.com/SBoudrias/Inquirer.js/graphs/code-frequency.html]
[github.com/SBoudrias/Inquirer.js/network/dependencies.html]
[github.com/SBoudrias/Inquirer.js/network.html]
[github.com/SBoudrias/Inquirer.js/network/members.html]
[github.com/SBoudrias/Inquirer.js/forks70c3.html]
[github.com/SBoudrias/Inquirer.js/forksf54e.html]
[github.com/SBoudrias/Inquirer.js/forks2b33.html]
[github.com/SBoudrias/Inquirer.js/forks1eef.html]
[github.com/SBoudrias/Inquirer.js/forks8db0.html]
[github.com/SBoudrias/Inquirer.js/forksf35e.html]
[github.com/SBoudrias/Inquirer.js/forksba5b.html]
[github.com/SBoudrias/Inquirer.js/forks345c.html]
[github.com/SBoudrias/Inquirer.js/forkseded.html]
[github.com/SBoudrias/Inquirer.js/forks4c63.html]
[github.com/SBoudrias/Inquirer.js/forks5a0a.html]
[github.com/SBoudrias/Inquirer.js/forksa443.html]
[github.com/SBoudrias/Inquirer.js/forks814f.html]
[github.com/sindresorhus/Inquirer.html]
[github.com/zonemeen/Inquirer.html]
[github.com/xXxrAinZyian/Inquirer.html]
[github.com/fossamagna/Inquirer.html]
[github.com/radvil/Inquirer.html]
[github.com/qwe1060110723/Inquirer.html]
[github.com/PatOnTheBack/Inquirer.html]
[github.com/onsclom/Inquirer.html]
[github.com/nvlang/Inquirer.html]
[github.com/nobodyiam95/Inquirer.html]
[github.com/nicholas-tayag/Inquirer.html]
[github.com/NabeelAyubee/Inquirer.html]
[github.com/myidmrocks/Inquirer.html]
[github.com/mustafa60x/Inquirer.html]
[github.com/mshima/Inquirer.html]
[github.com/mokkabonna/Inquirer.html]
[github.com/mifi/Inquirer.html]
[github.com/mensah-j/Inquirer.html]
[github.com/matthyk/Inquirer.html]
[github.com/matteosacchetto/Inquirer.html]
[github.com/mastrzyz/Inquirer.html]
[github.com/mandryllo/Inquirer.html]
[github.com/zys-contrib/Inquirer.html]
[github.com/zenithlight/Inquirer.html]
[github.com/yuiyideyui/Inquirer.html]
[github.com/SBoudrias/Inquirer.js/forks4658.html]
[github.com/SBoudrias/Inquirer.js/forks9ba9.html]
[github.com/SBoudrias/Inquirer.js/forksfdb0.html]
[github.githubassets.com/assets/staff-0aa284f91bc2.css]
[github.githubassets.com/assets/devtools-ed3c56d5f6b2.css]
[github.com/signup23ae.html]
[github.com/SBoudrias/Inquirer.js/branches/active.html]
[github.com/SBoudrias/Inquirer.js/branches/stale.html]
[github.com/SBoudrias/Inquirer.js/branches/all.html]
[github.com/SBoudrias/Inquirer.js/tree/chore/vitest-workspace.html]
[github.com/SBoudrias/Inquirer.js/tree/chore/ansi-escapes.html]
[github.com/SBoudrias/Inquirer.js/tree/fix/issue-1561.html]
[github.githubassets.com/assets/releases-d27bae89dc62.css]
[github.com/signupd3d9.html]
[github.com/SBoudrias/Inquirer.js/releases/tag/inquirer@12.2.html]
[github.com/SBoudrias/Inquirer.js/commit/5713287885155c0081fca4190c17c18c598d9602.html]
[github.com/SBoudrias/Inquirer.js/releases/tag/@inquirer/testing@2.1.html]
[github.com/SBoudrias/Inquirer.js/releases/tag/@inquirer/select@4.0.html]
[github.com/SBoudrias/Inquirer.js/releases/tag/@inquirer/search@3.0.html]
[github.com/SBoudrias/Inquirer.js/releases/tag/@inquirer/rawlist@4.0.html]
[github.com/SBoudrias/Inquirer.js/releases/tag/@inquirer/prompts@7.2.html]
[github.com/SBoudrias/Inquirer.js/releases/tag/@inquirer/password@4.0.html]
[github.com/SBoudrias/Inquirer.js/releases/tag/@inquirer/number@3.0.html]
[github.com/SBoudrias/Inquirer.js/releases/tag/@inquirer/input@4.1.html]
[github.com/SBoudrias/Inquirer.js/releases/tag/@inquirer/expand@4.0.html]
[github.com/SBoudrias/Inquirer.js/tags0367.html]
